// Jest Snapshot v1, https://goo.gl/fbAQLP

exports[`UsernameForm component renders UsernameForm 1`] = `
<DocumentFragment>
  <form>
    <label>
      <textarea
        placeholder="username"
      />
    </label>
    <button>
      Submit
    </button>
  </form>
</DocumentFragment>
`;
